=== 2026-07-17 10:41:35 ========================================================
redumper (build: b726)

arguments: disc --drive=D:\ --retries=20 --image-path=ISO\PS3\CDGA --image-name=CDGA
warning: drive not found in the database

drive information
  path: D:\
  inquiry: HL-DT-ST - BD-RE BP60NB10 (revision level: 1.02, vendor specific: NM00800SIK01K3NB555)
  configuration: GENERIC (read offset: +6, C2 shift: 0, pre-gap start: +0, read method: BE, sector order: DATA_C2_SUB)
  profile: BD-ROM
  read speed: <optimal>

image path: ISO\PS3\CDGA
image name: CDGA

*** DUMP (time check: 0s)

disc structure:
  DI { format: 1, layer: 0, sequence number: 0, unit size: 32, continuation: 0 }
    disc type: BDO
    disc size: 120mm
    disc class: 0
    disc version: 1
    layers count: 1
    channel length: 74.5nm
    polarity: 1
    BCA: no
    PSN last { PSN: 2354591, hPSN: 0x23ED9F }
    AUN { PSN: [1048576 .. 2354590], length: 1306016, hPSN: [0x100000 .. 0x23ED9E] }


sectors count (READ_CAPACITY): 1306016
sectors count (PHYSICAL): 1306016
sectors count (ISO9660): 1306016                          
sectors count (UDF): 1306016                              

media errors: 
  SCSI: 0
  EDC: 0

*** DUMP::EXTRA (time check: 313s)


*** PROTECTION (time check: 0s)


*** REFINE (time check: 0s)


*** DVDKEY (time check: 0s)


*** SPLIT (time check: 0s)


*** HASH (time check: 0s)

dat:
<rom name="ISO\PS3\CDGA\CDGA.iso" size="2674720768" crc="1aa9b561" md5="329dd2fb7f6ffc95479950106dd70b97" sha1="5b9fe2c9f8c11781020ef56137f1f7ec564476c0" />

*** INFO (time check: 0s)

ISO9660 [CDGA.iso]:
  volume identifier: CDGA
  PVD:
0320 : 20 20 20 20 20 20 20 20  20 20 20 20 20 32 30 30                200
0330 : 38 31 32 31 31 31 36 31  31 32 31 30 30 00 30 30   8121116112100.00
0340 : 30 30 30 30 30 30 30 30  30 30 30 30 30 30 00 30   00000000000000.0
0350 : 30 30 30 30 30 30 30 30  30 30 30 30 30 30 30 00   000000000000000.
0360 : 30 30 30 30 30 30 30 30  30 30 30 30 30 30 30 30   0000000000000000
0370 : 00 01 00 00 00 00 00 00  00 00 00 00 00 00 00 00   ................
  joliet volume identifier: CDGA

PS3 [CDGA.iso]:
  version: 01.00
  serial: BLES-00402
  firmware version: 2.52

*** END (time check: 0s)
