=== 2026-07-18 12:04:47 ========================================================
redumper (build: b726)

arguments: disc --drive=D:\ --retries=20 --image-path=ISO\PS3\BLES-02032 --image-name=BLES-02032
warning: drive not found in the database

drive information
  path: D:\
  inquiry: HL-DT-ST - BD-RE BP60NB10 (revision level: 1.02, vendor specific: NM00800SIK01K3NB555)
  configuration: GENERIC (read offset: +6, C2 shift: 0, pre-gap start: +0, read method: BE, sector order: DATA_C2_SUB)
  profile: BD-ROM
  read speed: <optimal>

image path: ISO\PS3\BLES-02032
image name: BLES-02032

*** DUMP (time check: 0s)

disc structure:
  DI { format: 1, layer: 0, sequence number: 0, unit size: 32, continuation: 0 }
    disc type: BDO
    disc size: 120mm
    disc class: 0
    disc version: 1
    layers count: 1
    channel length: 74.5nm
    polarity: 1
    BCA: no
    PSN last { PSN: 2327807, hPSN: 0x2384FF }
    AUN { PSN: [1048576 .. 2327806], length: 1279232, hPSN: [0x100000 .. 0x2384FE] }


sectors count (READ_CAPACITY): 1279232
sectors count (PHYSICAL): 1279232
sectors count (ISO9660): 1279232                          
sectors count (UDF): 1279232                              

media errors: 
  SCSI: 0
  EDC: 0

*** DUMP::EXTRA (time check: 308s)


*** PROTECTION (time check: 0s)


*** REFINE (time check: 0s)


*** DVDKEY (time check: 0s)


*** SPLIT (time check: 0s)


*** HASH (time check: 0s)

dat:
<rom name="ISO\PS3\BLES-02032\BLES-02032.iso" size="2619867136" crc="cafcd543" md5="067b6f9696aed1240c97c22e6f4df266" sha1="b5904a38c21f5a447f6e7bc05e65c09fb6c0567e" />

*** INFO (time check: 0s)

ISO9660 [BLES-02032.iso]:
  volume identifier: PS3VOLUME
  PVD:
0320 : 20 20 20 20 20 20 20 20  20 20 20 20 20 32 30 31                201
0330 : 34 30 39 32 31 30 32 34  36 30 39 30 30 00 30 30   4092102460900.00
0340 : 30 30 30 30 30 30 30 30  30 30 30 30 30 30 00 30   00000000000000.0
0350 : 30 30 30 30 30 30 30 30  30 30 30 30 30 30 30 00   000000000000000.
0360 : 30 30 30 30 30 30 30 30  30 30 30 30 30 30 30 30   0000000000000000
0370 : 00 01 00 00 00 00 00 00  00 00 00 00 00 00 00 00   ................
  joliet volume identifier: PS3VOLUME

PS3 [BLES-02032.iso]:
  version: 01.01
  serial: BLES-02032
  firmware version: 4.65

*** END (time check: 0s)
