=== 2026-08-29 08:10:14 ========================================================
redumper (build: b737)

arguments: disc --drive=D:\ --retries=20 --image-path=ISO\PS3\BLES-01059 --image-name=BLES-01059
warning: drive not found in the database

drive information
  path: D:\
  inquiry: HL-DT-ST - BD-RE BP60NB10 (revision level: 1.02, vendor specific: NM00800SIK01K3NB555)
  configuration: GENERIC (read offset: +6, C2 shift: 0, pre-gap start: +0, read method: BE, sector order: DATA_C2_SUB)
  profile: BD-ROM
  read speed: <optimal>

image path: ISO\PS3\BLES-01059
image name: BLES-01059

*** DUMP (time check: 0s)

disc structure:
  DI { format: 1, layer: 0, sequence number: 0, unit size: 32, continuation: 0 }
    disc type: BDO
    disc size: 120mm
    disc class: 0
    disc version: 1
    layers count: 1
    channel length: 74.5nm
    polarity: 1
    BCA: no
    PSN last { PSN: 5918047, hPSN: 0x5A4D5F }
    AUN { PSN: [1048576 .. 5918046], length: 4869472, hPSN: [0x100000 .. 0x5A4D5E] }


sectors count (READ_CAPACITY): 4869472
sectors count (PHYSICAL): 4869472
sectors count (ISO9660): 4869472                          
sectors count (UDF): 4869472                              

media errors: 
  SCSI: 0
  EDC: 0

*** DUMP::EXTRA (time check: 945s)


*** PROTECTION (time check: 0s)


*** REFINE (time check: 0s)


*** DVDKEY (time check: 0s)


*** SPLIT (time check: 0s)


*** HASH (time check: 0s)

dat:
<rom name="BLES-01059.iso" size="9972678656" crc="9f1a51d8" md5="023251da85e6f73216c1a7c3bc360cad" sha1="17eef3e36f708af54d692f18fe7355b921b63ed9" />

*** INFO (time check: 0s)

ISO9660 [BLES-01059.iso]:
  volume identifier: PS3VOLUME
  PVD:
0320 : 20 20 20 20 20 20 20 20  20 20 20 20 20 32 30 31                201
0330 : 30 30 39 30 35 30 30 35  34 31 31 30 30 00 30 30   0090500541100.00
0340 : 30 30 30 30 30 30 30 30  30 30 30 30 30 30 00 30   00000000000000.0
0350 : 30 30 30 30 30 30 30 30  30 30 30 30 30 30 30 00   000000000000000.
0360 : 30 30 30 30 30 30 30 30  30 30 30 30 30 30 30 30   0000000000000000
0370 : 00 01 00 00 00 00 00 00  00 00 00 00 00 00 00 00   ................
  joliet volume identifier: PS3VOLUME

PS3 [BLES-01059.iso]:
  version: 01.01
  serial: BLES-01059
  firmware version: 3.41

*** END (time check: 0s)
