=== 2026-09-01 07:07:15 ========================================================
redumper (build: b737)

arguments: disc --drive=D:\ --retries=20 --image-path=ISO\PS3\BLES-01807 --image-name=BLES-01807
warning: drive not found in the database

drive information
  path: D:\
  inquiry: HL-DT-ST - BD-RE BP60NB10 (revision level: 1.02, vendor specific: NM00800SIK01K3NB555)
  configuration: GENERIC (read offset: +6, C2 shift: 0, pre-gap start: +0, read method: BE, sector order: DATA_C2_SUB)
  profile: BD-ROM
  read speed: <optimal>

image path: ISO\PS3\BLES-01807
image name: BLES-01807

*** DUMP (time check: 0s)

disc structure:
  DI { format: 1, layer: 0, sequence number: 0, unit size: 32, continuation: 0 }
    disc type: BDO
    disc size: 120mm
    disc class: 0
    disc version: 1
    layers count: 1
    channel length: 74.5nm
    polarity: 1
    BCA: no
    PSN last { PSN: 10198079, hPSN: 0x9B9C3F }
    AUN { PSN: [1048576 .. 10198078], length: 9149504, hPSN: [0x100000 .. 0x9B9C3E] }


sectors count (READ_CAPACITY): 9149504
sectors count (PHYSICAL): 9149504
sectors count (ISO9660): 9149504                          
sectors count (UDF): 9149504                              

media errors: 
  SCSI: 32
  EDC: 0

*** DUMP::EXTRA (time check: 1538s)


*** PROTECTION (time check: 0s)


*** REFINE (time check: 0s)

sectors count (READ_CAPACITY): 9149504
sectors count (PHYSICAL): 9149504

correction statistics: 
  SCSI: 32
  EDC: 0

*** DVDKEY (time check: 0s)


*** SPLIT (time check: 0s)


*** HASH (time check: 0s)

                

dat:
<rom name="BLES-01807.iso" size="18738184192" crc="5accbb3d" md5="8ecd05dcd3f7de0e8f24de5f061ca4f8" sha1="259f0a176f17ae1129ebe5f81ba00186ff50160b" />

*** INFO (time check: 140s)

ISO9660 [BLES-01807.iso]:
  volume identifier: PS3VOLUME
  PVD:
0320 : 20 20 20 20 20 20 20 20  20 20 20 20 20 32 30 31                201
0330 : 33 30 38 31 32 31 33 34  39 33 34 30 30 00 30 30   3081213493400.00
0340 : 30 30 30 30 30 30 30 30  30 30 30 30 30 30 00 30   00000000000000.0
0350 : 30 30 30 30 30 30 30 30  30 30 30 30 30 30 30 00   000000000000000.
0360 : 30 30 30 30 30 30 30 30  30 30 30 30 30 30 30 30   0000000000000000
0370 : 00 01 00 00 00 00 00 00  00 00 00 00 00 00 00 00   ................
  joliet volume identifier: PS3VOLUME

PS3 [BLES-01807.iso]:
  version: 01.03
  serial: BLES-01807
  firmware version: 4.46

*** END (time check: 0s)
