=== 2026-10-07 08:13:30 ========================================================
redumper (build: b749)

arguments: disc --drive=D:\ --retries=20 --image-path=ISO\PS3\EDF2025 --image-name=EDF2025
warning: drive not found in the database

drive information
  path: D:\
  inquiry: HL-DT-ST - BD-RE BP60NB10 (revision level: 1.02, vendor specific: NM00800SIK01K3NB555)
  configuration: GENERIC (read offset: +6, C2 shift: 0, pre-gap start: +0, read method: BE, sector order: DATA_C2_SUB)
  profile: BD-ROM
  read speed: <optimal>

image path: ISO\PS3\EDF2025
image name: EDF2025

*** DUMP (time check: 0s)

disc structure:
  DI { format: 1, layer: 0, sequence number: 0, unit size: 32, continuation: 0 }
    disc type: BDO
    disc size: 120mm
    disc class: 0
    disc version: 1
    layers count: 1
    channel length: 74.5nm
    polarity: 1
    BCA: no
    PSN last { PSN: 2609215, hPSN: 0x27D03F }
    AUN { PSN: [1048576 .. 2609214], length: 1560640, hPSN: [0x100000 .. 0x27D03E] }


sectors count (READ_CAPACITY): 1560640
sectors count (PHYSICAL): 1560640
sectors count (ISO9660): 1560640                          
sectors count (UDF): 1560640                              

media errors: 
  SCSI: 0
  EDC: 0

*** DUMP::EXTRA (time check: 363s)


*** PROTECTION (time check: 0s)


*** REFINE (time check: 0s)


*** DVDKEY (time check: 0s)


*** SPLIT (time check: 0s)


*** HASH (time check: 0s)

dat:
<rom name="EDF2025.iso" size="3196190720" crc="5e5519c4" md5="dad1bb8f2c5d472ca8f669a16724fb76" sha1="7debfd01b53784ee0fa333233a9d94a7581846b4" />

*** INFO (time check: 0s)

ISO9660 [EDF2025.iso]:
  volume identifier: EDF2025
  PVD:
0320 : 20 20 20 20 20 20 20 20  20 20 20 20 20 32 30 31                201
0330 : 33 31 31 32 37 31 35 30  30 30 30 30 30 00 30 30   3112715000000.00
0340 : 30 30 30 30 30 30 30 30  30 30 30 30 30 30 00 30   00000000000000.0
0350 : 30 30 30 30 30 30 30 30  30 30 30 30 30 30 30 00   000000000000000.
0360 : 30 30 30 30 30 30 30 30  30 30 30 30 30 30 30 30   0000000000000000
0370 : 00 01 00 00 00 00 00 00  00 00 00 00 00 00 00 00   ................
  joliet volume identifier: EDF2025

PS3 [EDF2025.iso]:
  version: 01.00
  serial: BLES-01847
  firmware version: 4.50

*** END (time check: 0s)
