
GetKey r2
Load keys
Test unit ready: return value of ioctl indicates success
Read pic: return value of ioctl indicates success
get dec key
  establish session keys:
    do send key: return value of ioctl indicates success
    do report key: return value of ioctl indicates success
    calculate session keys
    do send key: return value of ioctl indicates success
  get data
    do unknown e1:
    unknown e1 cdb: e1005400a9379fab2476a7c3
    return value of ioctl indicates success
    do unknown e0:
    unknown e0 cdb: e0003400045f7cb8ceb32b5e
    return value of ioctl indicates success
get_dec_key succeeded!


disc_key = ad2864b5014ca45cc538b913b5e7a1e4

disc_id = 00000000000000ff00020004XXXXXXXX
PIC:
10020000444901080000200042444f01
110101000000000000c2c63f00100000
00c2c63e000000000000000000000000
00000000000000000000000000000000
00000000000000000000000000000000
00000000000000000000000000000000
00000000000000000000000000000000
00000000000000000000000000000000
00000000

SUCCESS: Everything was correctly dumped.
