=== 2026-09-27 14:25:40 ========================================================
redumper (build: b749)

arguments: disc --drive=D:\ --retries=20 --image-path=ISO\PS4\CUSA-09556 --image-name=CUSA-09556
warning: drive not found in the database

drive information
  path: D:\
  inquiry: HL-DT-ST - BD-RE BP60NB10 (revision level: 1.02, vendor specific: NM00800SIK01K3NB555)
  configuration: GENERIC (read offset: +6, C2 shift: 0, pre-gap start: +0, read method: BE, sector order: DATA_C2_SUB)
  profile: BD-ROM
  read speed: <optimal>

image path: ISO\PS4\CUSA-09556
image name: CUSA-09556

*** DUMP (time check: 0s)

disc structure:
  DI { format: 1, layer: 0, sequence number: 0, unit size: 32, continuation: 0 }
    disc type: BDO
    disc size: 120mm
    disc class: 0
    disc version: 1
    layers count: 1
    channel length: 74.5nm
    polarity: 1
    BCA: no
    PSN last { PSN: 13267487, hPSN: 0xCA721F }
    AUN { PSN: [1048576 .. 13267486], length: 12218912, hPSN: [0x100000 .. 0xCA721E] }


sectors count (READ_CAPACITY): 12218912
sectors count (PHYSICAL): 12218912
sectors count (ISO9660): 12218912                          
sectors count (UDF): 12218912                              

media errors: 
  SCSI: 0
  EDC: 0

*** DUMP::EXTRA (time check: 1863s)


*** PROTECTION (time check: 0s)


*** REFINE (time check: 0s)


*** DVDKEY (time check: 0s)


*** SPLIT (time check: 0s)


*** HASH (time check: 0s)

dat:
<rom name="CUSA-09556.iso" size="25024331776" crc="f5d624ef" md5="b1fea5fa7d81786956b664ad3ab94afe" sha1="a443d0abe993fb3c15de8b2351c7eab90ca691ed" />

*** INFO (time check: 0s)

ISO9660 [CUSA-09556.iso]:
  volume identifier: PS4VOLUME
  PVD:
0320 : 20 20 20 20 20 20 20 20  20 20 20 20 20 32 30 31                201
0330 : 37 31 30 31 38 31 31 31  36 34 36 30 30 00 30 30   7101811164600.00
0340 : 30 30 30 30 30 30 30 30  30 30 30 30 30 30 00 30   00000000000000.0
0350 : 30 30 30 30 30 30 30 30  30 30 30 30 30 30 30 00   000000000000000.
0360 : 30 30 30 30 30 30 30 30  30 30 30 30 30 30 30 30   0000000000000000
0370 : 00 01 00 00 00 00 00 00  00 00 00 00 00 00 00 00   ................
  joliet volume identifier: PS4VOLUME

PS4 [CUSA-09556.iso]:
  version: 01.00
  serial: CUSA-09556
  content ID(s): EP9000-CUSA09556_00-1710181206KPE2M0

*** END (time check: 0s)
