=== 2026-07-18 11:13:37 ========================================================
redumper (build: b726)

arguments: disc --drive=D:\ --retries=20 --image-path=ISO\PS3\BCES-00764 --image-name=BCES-00764
warning: drive not found in the database

drive information
  path: D:\
  inquiry: HL-DT-ST - BD-RE BP60NB10 (revision level: 1.02, vendor specific: NM00800SIK01K3NB555)
  configuration: GENERIC (read offset: +6, C2 shift: 0, pre-gap start: +0, read method: BE, sector order: DATA_C2_SUB)
  profile: BD-ROM
  read speed: <optimal>

image path: ISO\PS3\BCES-00764
image name: BCES-00764

*** DUMP (time check: 0s)

disc structure:
  DI { format: 1, layer: 0, sequence number: 0, unit size: 32, continuation: 0 }
    disc type: BDO
    disc size: 120mm
    disc class: 0
    disc version: 1
    layers count: 1
    channel length: 74.5nm
    polarity: 1
    BCA: no
    PSN last { PSN: 7854527, hPSN: 0x77D9BF }
    AUN { PSN: [1048576 .. 7854526], length: 6805952, hPSN: [0x100000 .. 0x77D9BE] }


sectors count (READ_CAPACITY): 6805952
sectors count (PHYSICAL): 6805952
sectors count (ISO9660): 6805952                          
sectors count (UDF): 6805952                              

media errors: 
  SCSI: 0
  EDC: 0

*** DUMP::EXTRA (time check: 1229s)


*** PROTECTION (time check: 0s)


*** REFINE (time check: 0s)


*** DVDKEY (time check: 0s)


*** SPLIT (time check: 0s)


*** HASH (time check: 0s)

dat:
<rom name="ISO\PS3\BCES-00764\BCES-00764.iso" size="13938589696" crc="2ffe09c3" md5="70f3e3b9ad805ab2b6623b6d03485408" sha1="1959725c9f27b55b44af260b207ff49aa976a3f0" />

*** INFO (time check: 0s)

ISO9660 [BCES-00764.iso]:
  volume identifier: PS3VOLUME
  PVD:
0320 : 20 20 20 20 20 20 20 20  20 20 20 20 20 32 30 31                201
0330 : 30 30 34 30 35 30 38 33  36 31 35 30 30 00 30 30   0040508361500.00
0340 : 30 30 30 30 30 30 30 30  30 30 30 30 30 30 00 30   00000000000000.0
0350 : 30 30 30 30 30 30 30 30  30 30 30 30 30 30 30 00   000000000000000.
0360 : 30 30 30 30 30 30 30 30  30 30 30 30 30 30 30 30   0000000000000000
0370 : 00 01 00 00 00 00 00 00  00 00 00 00 00 00 00 00   ................
  joliet volume identifier: PS3VOLUME

PS3 [BCES-00764.iso]:
  version: 01.00
  serial: BCES-00764
  firmware version: 3.21

*** END (time check: 0s)
