=== 2026-08-18 18:16:33 ========================================================
redumper (build: b737)

arguments: disc --drive=D:\ --retries=20 --image-path=ISO\PS3\BLES-00711 --image-name=BLES-00711
warning: drive not found in the database

drive information
  path: D:\
  inquiry: HL-DT-ST - BD-RE BP60NB10 (revision level: 1.02, vendor specific: NM00800SIK01K3NB555)
  configuration: GENERIC (read offset: +6, C2 shift: 0, pre-gap start: +0, read method: BE, sector order: DATA_C2_SUB)
  profile: BD-ROM
  read speed: <optimal>

image path: ISO\PS3\BLES-00711
image name: BLES-00711

*** DUMP (time check: 0s)

disc structure:
  DI { format: 1, layer: 0, sequence number: 0, unit size: 32, continuation: 0 }
    disc type: BDO
    disc size: 120mm
    disc class: 0
    disc version: 1
    layers count: 1
    channel length: 74.5nm
    polarity: 1
    BCA: no
    PSN last { PSN: 4482911, hPSN: 0x44675F }
    AUN { PSN: [1048576 .. 4482910], length: 3434336, hPSN: [0x100000 .. 0x44675E] }


sectors count (READ_CAPACITY): 3434336
sectors count (PHYSICAL): 3434336
sectors count (ISO9660): 3434336                          
sectors count (UDF): 3434336                              

media errors: 
  SCSI: 0
  EDC: 0

*** DUMP::EXTRA (time check: 714s)


*** PROTECTION (time check: 0s)


*** REFINE (time check: 0s)


*** DVDKEY (time check: 0s)


*** SPLIT (time check: 0s)


*** HASH (time check: 0s)

dat:
<rom name="BLES-00711.iso" size="7033520128" crc="452ec1b8" md5="43af92aadf18a2b6ede93ded0743e47f" sha1="43640952bcb7f7d824f59c9b967aefa8c4379735" />

*** INFO (time check: 0s)

ISO9660 [BLES-00711.iso]:
  volume identifier: PS3VOLUME
  PVD:
0320 : 20 20 20 20 20 20 20 20  20 20 20 20 20 32 30 30                200
0330 : 39 30 38 31 38 30 38 33  39 35 30 30 30 00 30 30   9081808395000.00
0340 : 30 30 30 30 30 30 30 30  30 30 30 30 30 30 00 30   00000000000000.0
0350 : 30 30 30 30 30 30 30 30  30 30 30 30 30 30 30 00   000000000000000.
0360 : 30 30 30 30 30 30 30 30  30 30 30 30 30 30 30 30   0000000000000000
0370 : 00 01 00 00 00 00 00 00  00 00 00 00 00 00 00 00   ................
  joliet volume identifier: PS3VOLUME

PS3 [BLES-00711.iso]:
  version: 01.00
  serial: BLES-00711
  firmware version: 2.76

*** END (time check: 0s)
