=== 2026-09-05 08:40:39 ========================================================
redumper (build: b737)

arguments: disc --drive=D:\ --retries=20 --image-path=ISO\PS3\BLES-00604 --image-name=BLES-00604
warning: drive not found in the database

drive information
  path: D:\
  inquiry: HL-DT-ST - BD-RE BP60NB10 (revision level: 1.02, vendor specific: NM00800SIK01K3NB555)
  configuration: GENERIC (read offset: +6, C2 shift: 0, pre-gap start: +0, read method: BE, sector order: DATA_C2_SUB)
  profile: BD-ROM
  read speed: <optimal>

image path: ISO\PS3\BLES-00604
image name: BLES-00604

*** DUMP (time check: 0s)

disc structure:
  DI { format: 1, layer: 0, sequence number: 0, unit size: 32, continuation: 0 }
    disc type: BDO
    disc size: 120mm
    disc class: 0
    disc version: 1
    layers count: 1
    channel length: 74.5nm
    polarity: 1
    BCA: no
    PSN last { PSN: 5479423, hPSN: 0x539BFF }
    AUN { PSN: [1048576 .. 5479422], length: 4430848, hPSN: [0x100000 .. 0x539BFE] }


sectors count (READ_CAPACITY): 4430848
sectors count (PHYSICAL): 4430848
sectors count (ISO9660): 4430848                          
sectors count (UDF): 4430848                              

media errors: 
  SCSI: 32
  EDC: 0

*** DUMP::EXTRA (time check: 888s)


*** PROTECTION (time check: 0s)


*** REFINE (time check: 0s)

sectors count (READ_CAPACITY): 4430848
sectors count (PHYSICAL): 4430848

correction statistics: 
  SCSI: 32
  EDC: 0

*** DVDKEY (time check: 0s)


*** SPLIT (time check: 0s)


*** HASH (time check: 0s)

                

dat:
<rom name="BLES-00604.iso" size="9074376704" crc="9f78ac6e" md5="23f527e93fe0eeb7ce575e6217591fdf" sha1="870aee58130954e8e6821d01e3688779a52b6f76" />

*** INFO (time check: 67s)

ISO9660 [BLES-00604.iso]:
  volume identifier: PS3VOLUME
  PVD:
0320 : 20 20 20 20 20 20 20 20  20 20 20 20 20 32 30 31                201
0330 : 30 30 34 31 34 31 32 33  31 35 32 30 30 00 30 30   0041412315200.00
0340 : 30 30 30 30 30 30 30 30  30 30 30 30 30 30 00 30   00000000000000.0
0350 : 30 30 30 30 30 30 30 30  30 30 30 30 30 30 30 00   000000000000000.
0360 : 30 30 30 30 30 30 30 30  30 30 30 30 30 30 30 30   0000000000000000
0370 : 00 01 00 00 00 00 00 00  00 00 00 00 00 00 00 00   ................
  joliet volume identifier: PS3VOLUME

PS3 [BLES-00604.iso]:
  version: 01.01
  serial: BLES-00604
  firmware version: 3.30

*** END (time check: 0s)
