=== 2026-10-06 08:36:28 ========================================================
redumper (build: b749)

arguments: disc --drive=D:\ --retries=20 --image-path=ISO\PS3\BLES-00215 --image-name=BLES-00215
warning: drive not found in the database

drive information
  path: D:\
  inquiry: HL-DT-ST - BD-RE BP60NB10 (revision level: 1.02, vendor specific: NM00800SIK01K3NB555)
  configuration: GENERIC (read offset: +6, C2 shift: 0, pre-gap start: +0, read method: BE, sector order: DATA_C2_SUB)
  profile: BD-ROM
  read speed: <optimal>

image path: ISO\PS3\BLES-00215
image name: BLES-00215

*** DUMP (time check: 0s)

disc structure:
  DI { format: 1, layer: 0, sequence number: 0, unit size: 32, continuation: 0 }
    disc type: BDO
    disc size: 120mm
    disc class: 0
    disc version: 1
    layers count: 1
    channel length: 74.5nm
    polarity: 1
    BCA: no
    PSN last { PSN: 11279903, hPSN: 0xAC1E1F }
    AUN { PSN: [1048576 .. 11279902], length: 10231328, hPSN: [0x100000 .. 0xAC1E1E] }


sectors count (READ_CAPACITY): 10231328
sectors count (PHYSICAL): 10231328
sectors count (ISO9660): 10231328                          
sectors count (UDF): 10231328                              

media errors: 
  SCSI: 0
  EDC: 0

*** DUMP::EXTRA (time check: 1644s)


*** PROTECTION (time check: 0s)


*** REFINE (time check: 0s)


*** DVDKEY (time check: 0s)


*** SPLIT (time check: 0s)


*** HASH (time check: 0s)

dat:
<rom name="BLES-00215.iso" size="20953759744" crc="6cc27c42" md5="4b851cf44ad75d9bc8de02bf6786bd19" sha1="409410b3e068afd2de056f69490526800683a97a" />

*** INFO (time check: 0s)

ISO9660 [BLES-00215.iso]:
  volume identifier: PS3VOLUME
  PVD:
0320 : 20 20 20 20 20 20 20 20  20 20 20 20 20 32 30 30                200
0330 : 38 30 31 30 38 30 34 30  30 30 30 30 30 00 30 30   8010804000000.00
0340 : 30 30 30 30 30 30 30 30  30 30 30 30 30 30 00 30   00000000000000.0
0350 : 30 30 30 30 30 30 30 30  30 30 30 30 30 30 30 00   000000000000000.
0360 : 30 30 30 30 30 30 30 30  30 30 30 30 30 30 30 30   0000000000000000
0370 : 00 01 00 00 00 00 00 00  00 00 00 00 00 00 00 00   ................
  joliet volume identifier: PS3VOLUME

PS3 [BLES-00215.iso]:
  version: 01.00
  serial: BLES-00215
  firmware version: 2.10

*** END (time check: 0s)
