=== 2026-09-30 06:55:49 ========================================================
redumper (build: b749)

arguments: disc --drive=D:\ --retries=20 --image-path=ISO\PS3\BLES-00704 --image-name=BLES-00704
warning: drive not found in the database

drive information
  path: D:\
  inquiry: HL-DT-ST - BD-RE BP60NB10 (revision level: 1.02, vendor specific: NM00800SIK01K3NB555)
  configuration: GENERIC (read offset: +6, C2 shift: 0, pre-gap start: +0, read method: BE, sector order: DATA_C2_SUB)
  profile: BD-ROM
  read speed: <optimal>

image path: ISO\PS3\BLES-00704
image name: BLES-00704

*** DUMP (time check: 0s)

disc structure:
  DI { format: 1, layer: 0, sequence number: 0, unit size: 32, continuation: 0 }
    disc type: BDO
    disc size: 120mm
    disc class: 0
    disc version: 1
    layers count: 1
    channel length: 74.5nm
    polarity: 1
    BCA: no
    PSN last { PSN: 4002463, hPSN: 0x3D129F }
    AUN { PSN: [1048576 .. 4002462], length: 2953888, hPSN: [0x100000 .. 0x3D129E] }


sectors count (READ_CAPACITY): 2953888
sectors count (PHYSICAL): 2953888
sectors count (ISO9660): 2953888                          
sectors count (UDF): 2953888                              

media errors: 
  SCSI: 0
  EDC: 0

*** DUMP::EXTRA (time check: 627s)


*** PROTECTION (time check: 0s)


*** REFINE (time check: 0s)


*** DVDKEY (time check: 0s)


*** SPLIT (time check: 0s)


*** HASH (time check: 0s)

dat:
<rom name="BLES-00704.iso" size="6049562624" crc="0d54fb9e" md5="8df44a3d3b7df491c1467b192bee5f8e" sha1="0e16050b6a91e6b386ff368e8fae27e21a051dd4" />

*** INFO (time check: 0s)

ISO9660 [BLES-00704.iso]:
  volume identifier: PS3VOLUME
  PVD:
0320 : 20 20 20 20 20 20 20 20  20 20 20 20 20 32 30 31                201
0330 : 30 30 33 32 36 30 37 31  36 32 30 30 30 00 30 30   0032607162000.00
0340 : 30 30 30 30 30 30 30 30  30 30 30 30 30 30 00 30   00000000000000.0
0350 : 30 30 30 30 30 30 30 30  30 30 30 30 30 30 30 00   000000000000000.
0360 : 30 30 30 30 30 30 30 30  30 30 30 30 30 30 30 30   0000000000000000
0370 : 00 01 00 00 00 00 00 00  00 00 00 00 00 00 00 00   ................
  joliet volume identifier: PS3VOLUME

PS3 [BLES-00704.iso]:
  version: 01.00
  serial: BLES-00704
  firmware version: 3.15

*** END (time check: 0s)
