=== 2026-07-13 08:50:31 ========================================================
redumper (build: b726)

arguments: disc --drive=D:\ --retries=20 --image-path=ISO\PS3\BCET-00023 --image-name=BCET-00023
warning: drive not found in the database

drive information
  path: D:\
  inquiry: HL-DT-ST - BD-RE BP60NB10 (revision level: 1.02, vendor specific: NM00800SIK01K3NB555)
  configuration: GENERIC (read offset: +6, C2 shift: 0, pre-gap start: +0, read method: BE, sector order: DATA_C2_SUB)
  profile: BD-ROM
  read speed: <optimal>

image path: ISO\PS3\BCET-00023
image name: BCET-00023

*** DUMP (time check: 0s)

disc structure:
  DI { format: 1, layer: 0, sequence number: 0, unit size: 32, continuation: 0 }
    disc type: BDO
    disc size: 120mm
    disc class: 0
    disc version: 1
    layers count: 1
    channel length: 74.5nm
    polarity: 1
    BCA: no
    PSN last { PSN: 5394751, hPSN: 0x52513F }
    AUN { PSN: [1048576 .. 5394750], length: 4346176, hPSN: [0x100000 .. 0x52513E] }


sectors count (READ_CAPACITY): 4346176
sectors count (PHYSICAL): 4346176
sectors count (ISO9660): 4346176                          
sectors count (UDF): 4346176                              

media errors: 
  SCSI: 0
  EDC: 0

*** DUMP::EXTRA (time check: 858s)


*** PROTECTION (time check: 0s)


*** REFINE (time check: 0s)


*** DVDKEY (time check: 0s)


*** SPLIT (time check: 0s)


*** HASH (time check: 0s)

dat:
<rom name="ISO\PS3\BCET-00023\BCET-00023.iso" size="8900968448" crc="7401a386" md5="5099b9bfc6cf1373ab44a14a2e0c3862" sha1="b82b421e1793c9642121f68ca19e18c6b21bc6bc" />

*** INFO (time check: 0s)

ISO9660 [BCET-00023.iso]:
  volume identifier: PS3VOLUME
  PVD:
0320 : 20 20 20 20 20 20 20 20  20 20 20 20 20 32 30 31                201
0330 : 31 30 39 32 30 30 32 33  36 35 39 30 30 00 30 30   1092002365900.00
0340 : 30 30 30 30 30 30 30 30  30 30 30 30 30 30 00 30   00000000000000.0
0350 : 30 30 30 30 30 30 30 30  30 30 30 30 30 30 30 00   000000000000000.
0360 : 30 30 30 30 30 30 30 30  30 30 30 30 30 30 30 30   0000000000000000
0370 : 00 01 00 00 00 00 00 00  00 00 00 00 00 00 00 00   ................
  joliet volume identifier: PS3VOLUME

PS3 [BCET-00023.iso]:
  version: 00.01
  serial: BCET-00023
  firmware version: 3.70

*** END (time check: 0s)
