=== 2026-08-29 09:00:20 ========================================================
redumper (build: b737)

arguments: disc --drive=D:\ --retries=20 --image-path=ISO\PS3\BLES-01876 --image-name=BLES-01876
warning: drive not found in the database

drive information
  path: D:\
  inquiry: HL-DT-ST - BD-RE BP60NB10 (revision level: 1.02, vendor specific: NM00800SIK01K3NB555)
  configuration: GENERIC (read offset: +6, C2 shift: 0, pre-gap start: +0, read method: BE, sector order: DATA_C2_SUB)
  profile: BD-ROM
  read speed: <optimal>

image path: ISO\PS3\BLES-01876
image name: BLES-01876

*** DUMP (time check: 0s)

disc structure:
  DI { format: 1, layer: 0, sequence number: 0, unit size: 32, continuation: 0 }
    disc type: BDO
    disc size: 120mm
    disc class: 0
    disc version: 1
    layers count: 1
    channel length: 74.5nm
    polarity: 1
    BCA: no
    PSN last { PSN: 6234079, hPSN: 0x5F1FDF }
    AUN { PSN: [1048576 .. 6234078], length: 5185504, hPSN: [0x100000 .. 0x5F1FDE] }


sectors count (READ_CAPACITY): 5185504
sectors count (PHYSICAL): 5185504
sectors count (ISO9660): 5185504                          
sectors count (UDF): 5185504                              

media errors: 
  SCSI: 0
  EDC: 0

*** DUMP::EXTRA (time check: 991s)


*** PROTECTION (time check: 0s)


*** REFINE (time check: 0s)


*** DVDKEY (time check: 0s)


*** SPLIT (time check: 0s)


*** HASH (time check: 0s)

dat:
<rom name="BLES-01876.iso" size="10619912192" crc="0f9a48e7" md5="0a0b941ade822dc40915faa9f8374062" sha1="6ea4d37dd4484df82f1acdc142610606be4232b9" />

*** INFO (time check: 0s)

ISO9660 [BLES-01876.iso]:
  volume identifier: PS3VOLUME
  PVD:
0320 : 20 20 20 20 20 20 20 20  20 20 20 20 20 32 30 31                201
0330 : 33 30 38 33 31 30 31 32  38 31 34 30 30 00 30 30   3083101281400.00
0340 : 30 30 30 30 30 30 30 30  30 30 30 30 30 30 00 30   00000000000000.0
0350 : 30 30 30 30 30 30 30 30  30 30 30 30 30 30 30 00   000000000000000.
0360 : 30 30 30 30 30 30 30 30  30 30 30 30 30 30 30 30   0000000000000000
0370 : 00 01 00 00 00 00 00 00  00 00 00 00 00 00 00 00   ................
  joliet volume identifier: PS3VOLUME

PS3 [BLES-01876.iso]:
  version: 01.00
  serial: BLES-01876
  firmware version: 4.46

*** END (time check: 0s)
