
GetKey r2
Load keys
Test unit ready: return value of ioctl indicates success
Read pic: return value of ioctl indicates success
get dec key
  establish session keys:
    do send key: return value of ioctl indicates success
    do report key: return value of ioctl indicates success
    calculate session keys
    do send key: return value of ioctl indicates success
  get data
    do unknown e1:
    unknown e1 cdb: e1005400b8fddb4bc0e87a27
    return value of ioctl indicates success
    do unknown e0:
    unknown e0 cdb: e0003400ff77320f2bd8d63e
    return value of ioctl indicates success
get_dec_key succeeded!


disc_key = b131d74d2873f60f863dd64afb6ad9fb

disc_id = 00000000000000ff00020004XXXXXXXX
PIC:
10020000444901080000200042444f01
1101010000000000005f1fdf00100000
005f1fde000000000000000000000000
00000000000000000000000000000000
00000000000000000000000000000000
00000000000000000000000000000000
00000000000000000000000000000000
00000000000000000000000000000000
00000000

SUCCESS: Everything was correctly dumped.
