=== 2026-08-18 15:08:00 ========================================================
redumper (build: b737)

arguments: disc --drive=D:\ --retries=20 --image-path=ISO\PS3\BLES-00168 --image-name=BLES-00168
warning: drive not found in the database

drive information
  path: D:\
  inquiry: HL-DT-ST - BD-RE BP60NB10 (revision level: 1.02, vendor specific: NM00800SIK01K3NB555)
  configuration: GENERIC (read offset: +6, C2 shift: 0, pre-gap start: +0, read method: BE, sector order: DATA_C2_SUB)
  profile: BD-ROM
  read speed: <optimal>

image path: ISO\PS3\BLES-00168
image name: BLES-00168

*** DUMP (time check: 0s)

disc structure:
  DI { format: 1, layer: 0, sequence number: 0, unit size: 32, continuation: 0 }
    disc type: BDO
    disc size: 120mm
    disc class: 0
    disc version: 1
    layers count: 1
    channel length: 74.5nm
    polarity: 1
    BCA: no
    PSN last { PSN: 3613471, hPSN: 0x37231F }
    AUN { PSN: [1048576 .. 3613470], length: 2564896, hPSN: [0x100000 .. 0x37231E] }


sectors count (READ_CAPACITY): 2564896
sectors count (PHYSICAL): 2564896
sectors count (ISO9660): 2564896                          
sectors count (UDF): 2564896                              

media errors: 
  SCSI: 0
  EDC: 0

*** DUMP::EXTRA (time check: 556s)


*** PROTECTION (time check: 0s)


*** REFINE (time check: 0s)


*** DVDKEY (time check: 0s)


*** SPLIT (time check: 0s)


*** HASH (time check: 0s)

dat:
<rom name="BLES-00168.iso" size="5252907008" crc="60d89f44" md5="453e2608ac7af8fc9b1d73e8cdfa5502" sha1="6c8a4c752b7d5a0b4afd7f01d2c9602162b14d99" />

*** INFO (time check: 0s)

ISO9660 [BLES-00168.iso]:
  volume identifier: PS3VOLUME
  PVD:
0320 : 20 20 20 20 20 20 20 20  20 20 20 20 20 32 30 30                200
0330 : 38 30 31 30 37 31 39 32  33 35 32 30 30 00 30 30   8010719235200.00
0340 : 30 30 30 30 30 30 30 30  30 30 30 30 30 30 00 30   00000000000000.0
0350 : 30 30 30 30 30 30 30 30  30 30 30 30 30 30 30 00   000000000000000.
0360 : 30 30 30 30 30 30 30 30  30 30 30 30 30 30 30 30   0000000000000000
0370 : 00 01 00 00 00 00 00 00  00 00 00 00 00 00 00 00   ................
  joliet volume identifier: PS3VOLUME

PS3 [BLES-00168.iso]:
  version: 01.01
  serial: BLES-00168
  firmware version: 2.01

*** END (time check: 0s)
