=== 2026-09-29 07:17:36 ========================================================
redumper (build: b749)

arguments: disc --drive=D:\ --retries=20 --image-path=ISO\PS3\BLES-00422 --image-name=BLES-00422
warning: drive not found in the database

drive information
  path: D:\
  inquiry: HL-DT-ST - BD-RE BP60NB10 (revision level: 1.02, vendor specific: NM00800SIK01K3NB555)
  configuration: GENERIC (read offset: +6, C2 shift: 0, pre-gap start: +0, read method: BE, sector order: DATA_C2_SUB)
  profile: BD-ROM
  read speed: <optimal>

image path: ISO\PS3\BLES-00422
image name: BLES-00422

*** DUMP (time check: 0s)

disc structure:
  DI { format: 1, layer: 0, sequence number: 0, unit size: 32, continuation: 0 }
    disc type: BDO
    disc size: 120mm
    disc class: 0
    disc version: 1
    layers count: 1
    channel length: 74.5nm
    polarity: 1
    BCA: no
    PSN last { PSN: 4125855, hPSN: 0x3EF49F }
    AUN { PSN: [1048576 .. 4125854], length: 3077280, hPSN: [0x100000 .. 0x3EF49E] }


sectors count (READ_CAPACITY): 3077280
sectors count (PHYSICAL): 3077280
sectors count (ISO9660): 3077280                          
sectors count (UDF): 3077280                              

media errors: 
  SCSI: 0
  EDC: 0

*** DUMP::EXTRA (time check: 652s)


*** PROTECTION (time check: 0s)


*** REFINE (time check: 0s)


*** DVDKEY (time check: 0s)


*** SPLIT (time check: 0s)


*** HASH (time check: 0s)

dat:
<rom name="BLES-00422.iso" size="6302269440" crc="c0ac51fb" md5="18e6ccf165f3c1e33cebb8c95e4ac448" sha1="167b7b33ba595e408a9424a4bfbbe0d2920df2f2" />

*** INFO (time check: 0s)

ISO9660 [BLES-00422.iso]:
  volume identifier: PS3VOLUME
  PVD:
0320 : 20 20 20 20 20 20 20 20  20 20 20 20 20 32 30 30                200
0330 : 38 30 39 33 30 31 35 31  33 34 31 30 30 00 30 30   8093015134100.00
0340 : 30 30 30 30 30 30 30 30  30 30 30 30 30 30 00 30   00000000000000.0
0350 : 30 30 30 30 30 30 30 30  30 30 30 30 30 30 30 00   000000000000000.
0360 : 30 30 30 30 30 30 30 30  30 30 30 30 30 30 30 30   0000000000000000
0370 : 00 01 00 00 00 00 00 00  00 00 00 00 00 00 00 00   ................
  joliet volume identifier: PS3VOLUME

PS3 [BLES-00422.iso]:
  version: 01.01
  serial: BLES-00422
  firmware version: 2.42

*** END (time check: 0s)
