=== 2026-10-01 09:28:40 ========================================================
redumper (build: b749)

arguments: disc --drive=D:\ --retries=20 --image-path=ISO\PS3\BLES-01036 --image-name=BLES-01036
warning: drive not found in the database

drive information
  path: D:\
  inquiry: HL-DT-ST - BD-RE BP60NB10 (revision level: 1.02, vendor specific: NM00800SIK01K3NB555)
  configuration: GENERIC (read offset: +6, C2 shift: 0, pre-gap start: +0, read method: BE, sector order: DATA_C2_SUB)
  profile: BD-ROM
  read speed: <optimal>

image path: ISO\PS3\BLES-01036
image name: BLES-01036

*** DUMP (time check: 0s)

disc structure:
  DI { format: 1, layer: 0, sequence number: 0, unit size: 32, continuation: 0 }
    disc type: BDO
    disc size: 120mm
    disc class: 0
    disc version: 1
    layers count: 1
    channel length: 74.5nm
    polarity: 1
    BCA: no
    PSN last { PSN: 3570143, hPSN: 0x3679DF }
    AUN { PSN: [1048576 .. 3570142], length: 2521568, hPSN: [0x100000 .. 0x3679DE] }


sectors count (READ_CAPACITY): 2521568
sectors count (PHYSICAL): 2521568
sectors count (ISO9660): 2521568                          
sectors count (UDF): 2521568                              

media errors: 
  SCSI: 0
  EDC: 0

*** DUMP::EXTRA (time check: 549s)


*** PROTECTION (time check: 0s)


*** REFINE (time check: 0s)


*** DVDKEY (time check: 0s)


*** SPLIT (time check: 0s)


*** HASH (time check: 0s)

dat:
<rom name="BLES-01036.iso" size="5164171264" crc="f57cc05b" md5="9932e98c42d1640e24541f92be34628d" sha1="74a87591062910a6eebd583014d55ce576a4fa0e" />

*** INFO (time check: 0s)

ISO9660 [BLES-01036.iso]:
  volume identifier: PS3VOLUME
  PVD:
0320 : 20 20 20 20 20 20 20 20  20 20 20 20 20 32 30 31                201
0330 : 30 30 38 31 39 32 33 30  30 30 30 30 30 00 30 30   0081923000000.00
0340 : 30 30 30 30 30 30 30 30  30 30 30 30 30 30 00 30   00000000000000.0
0350 : 30 30 30 30 30 30 30 30  30 30 30 30 30 30 30 00   000000000000000.
0360 : 30 30 30 30 30 30 30 30  30 30 30 30 30 30 30 30   0000000000000000
0370 : 00 01 00 00 00 00 00 00  00 00 00 00 00 00 00 00   ................
  joliet volume identifier: PS3VOLUME

PS3 [BLES-01036.iso]:
  version: 01.00
  serial: BLES-01036
  firmware version: 3.41

*** END (time check: 0s)
