=== 2026-09-04 07:23:58 ========================================================
redumper (build: b737)

arguments: disc --drive=D:\ --retries=20 --image-path=ISO\PS3\BLES-00667 --image-name=BLES-00667
warning: drive not found in the database

drive information
  path: D:\
  inquiry: HL-DT-ST - BD-RE BP60NB10 (revision level: 1.02, vendor specific: NM00800SIK01K3NB555)
  configuration: GENERIC (read offset: +6, C2 shift: 0, pre-gap start: +0, read method: BE, sector order: DATA_C2_SUB)
  profile: BD-ROM
  read speed: <optimal>

image path: ISO\PS3\BLES-00667
image name: BLES-00667

*** DUMP (time check: 0s)

disc structure:
  DI { format: 1, layer: 0, sequence number: 0, unit size: 32, continuation: 0 }
    disc type: BDO
    disc size: 120mm
    disc class: 0
    disc version: 1
    layers count: 1
    channel length: 74.5nm
    polarity: 1
    BCA: no
    PSN last { PSN: 2926175, hPSN: 0x2CA65F }
    AUN { PSN: [1048576 .. 2926174], length: 1877600, hPSN: [0x100000 .. 0x2CA65E] }


sectors count (READ_CAPACITY): 1877600
sectors count (PHYSICAL): 1877600
sectors count (ISO9660): 1877600                          
sectors count (UDF): 1877600                              

media errors: 
  SCSI: 0
  EDC: 0

*** DUMP::EXTRA (time check: 426s)


*** PROTECTION (time check: 0s)


*** REFINE (time check: 0s)


*** DVDKEY (time check: 0s)


*** SPLIT (time check: 0s)


*** HASH (time check: 0s)

dat:
<rom name="BLES-00667.iso" size="3845324800" crc="87aa45d2" md5="8f44605783c31e4a235cd070512245af" sha1="9e484107d2b233cdf3efc055ee2ddd9529e24283" />

*** INFO (time check: 0s)

ISO9660 [BLES-00667.iso]:
  volume identifier: PS3VOLUME
  PVD:
0320 : 20 20 20 20 20 20 20 20  20 20 20 20 20 32 30 30                200
0330 : 39 30 32 31 33 31 33 30  36 33 36 30 30 00 30 30   9021313063600.00
0340 : 30 30 30 30 30 30 30 30  30 30 30 30 30 30 00 30   00000000000000.0
0350 : 30 30 30 30 30 30 30 30  30 30 30 30 30 30 30 00   000000000000000.
0360 : 30 30 30 30 30 30 30 30  30 30 30 30 30 30 30 30   0000000000000000
0370 : 00 01 00 00 00 00 00 00  00 00 00 00 00 00 00 00   ................
  joliet volume identifier: PS3VOLUME

PS3 [BLES-00667.iso]:
  version: 01.01
  serial: BLES-00667
  firmware version: 3.01

*** END (time check: 0s)
