=== 2026-09-13 09:34:49 ========================================================
redumper (build: b749)

arguments: disc --drive=D:\ --retries=20 --image-path=ISO\PS3\TINTIN --image-name=TINTIN
warning: drive not found in the database

drive information
  path: D:\
  inquiry: HL-DT-ST - BD-RE BP60NB10 (revision level: 1.02, vendor specific: NM00800SIK01K3NB555)
  configuration: GENERIC (read offset: +6, C2 shift: 0, pre-gap start: +0, read method: BE, sector order: DATA_C2_SUB)
  profile: BD-ROM
  read speed: <optimal>

image path: ISO\PS3\TINTIN
image name: TINTIN

*** DUMP (time check: 0s)

disc structure:
  DI { format: 1, layer: 0, sequence number: 0, unit size: 32, continuation: 0 }
    disc type: BDO
    disc size: 120mm
    disc class: 0
    disc version: 1
    layers count: 1
    channel length: 74.5nm
    polarity: 1
    BCA: no
    PSN last { PSN: 4880767, hPSN: 0x4A797F }
    AUN { PSN: [1048576 .. 4880766], length: 3832192, hPSN: [0x100000 .. 0x4A797E] }


sectors count (READ_CAPACITY): 3832192
sectors count (PHYSICAL): 3832192
sectors count (ISO9660): 3832192                          
sectors count (UDF): 3832192                              

media errors: 
  SCSI: 0
  EDC: 0

*** DUMP::EXTRA (time check: 802s)


*** PROTECTION (time check: 0s)


*** REFINE (time check: 0s)


*** DVDKEY (time check: 0s)


*** SPLIT (time check: 0s)


*** HASH (time check: 0s)

dat:
<rom name="TINTIN.iso" size="7848329216" crc="40e8fb9f" md5="893a5ff46962de23064d19058e474f10" sha1="c864a13e1bbd49e2cd3ac3545daca520b6150160" />

*** INFO (time check: 0s)

ISO9660 [TINTIN.iso]:
  volume identifier: TINTIN
  PVD:
0320 : 20 20 20 20 20 20 20 20  20 20 20 20 20 32 30 31                201
0330 : 31 30 33 30 32 30 38 32  36 30 38 30 30 00 30 30   1030208260800.00
0340 : 30 30 30 30 30 30 30 30  30 30 30 30 30 30 00 30   00000000000000.0
0350 : 30 30 30 30 30 30 30 30  30 30 30 30 30 30 30 00   000000000000000.
0360 : 30 30 30 30 30 30 30 30  30 30 30 30 30 30 30 30   0000000000000000
0370 : 00 01 00 00 00 00 00 00  00 00 00 00 00 00 00 00   ................
  joliet volume identifier: TINTIN

PS3 [TINTIN.iso]:
  version: 01.01
  serial: BLES-01306
  firmware version: 3.70

*** END (time check: 0s)
