=== 2026-09-12 09:27:59 ========================================================
redumper (build: b749)

arguments: disc --drive=D:\ --retries=20 --image-path=ISO\PS3\SWSKATE --image-name=SWSKATE
warning: drive not found in the database

drive information
  path: D:\
  inquiry: HL-DT-ST - BD-RE BP60NB10 (revision level: 1.02, vendor specific: NM00800SIK01K3NB555)
  configuration: GENERIC (read offset: +6, C2 shift: 0, pre-gap start: +0, read method: BE, sector order: DATA_C2_SUB)
  profile: BD-ROM
  read speed: <optimal>

image path: ISO\PS3\SWSKATE
image name: SWSKATE

*** DUMP (time check: 0s)

disc structure:
  DI { format: 1, layer: 0, sequence number: 0, unit size: 32, continuation: 0 }
    disc type: BDO
    disc size: 120mm
    disc class: 0
    disc version: 1
    layers count: 1
    channel length: 74.5nm
    polarity: 1
    BCA: no
    PSN last { PSN: 3597631, hPSN: 0x36E53F }
    AUN { PSN: [1048576 .. 3597630], length: 2549056, hPSN: [0x100000 .. 0x36E53E] }


sectors count (READ_CAPACITY): 2549056
sectors count (PHYSICAL): 2549056
sectors count (ISO9660): 2549056                          
sectors count (UDF): 2549056                              

media errors: 
  SCSI: 0
  EDC: 0

*** DUMP::EXTRA (time check: 558s)


*** PROTECTION (time check: 0s)


*** REFINE (time check: 0s)


*** DVDKEY (time check: 0s)


*** SPLIT (time check: 0s)


*** HASH (time check: 0s)

dat:
<rom name="SWSKATE.iso" size="5220466688" crc="cfb98da6" md5="1bf708b98cd83200200f74e96528d9a0" sha1="b40f88923a7c03ee7c9cb4f644c5959020c22bab" />

*** INFO (time check: 0s)

ISO9660 [SWSKATE.iso]:
  volume identifier: SWSKATE
  PVD:
0320 : 20 20 20 20 20 20 20 20  20 20 20 20 20 32 30 31                201
0330 : 30 30 39 30 38 31 30 30  30 30 30 30 30 00 30 30   0090810000000.00
0340 : 30 30 30 30 30 30 30 30  30 30 30 30 30 30 00 30   00000000000000.0
0350 : 30 30 30 30 30 30 30 30  30 30 30 30 30 30 30 00   000000000000000.
0360 : 30 30 30 30 30 30 30 30  30 30 30 30 30 30 30 30   0000000000000000
0370 : 00 01 00 00 00 00 00 00  00 00 00 00 00 00 00 00   ................
  joliet volume identifier: SWSKATE

PS3 [SWSKATE.iso]:
  version: 01.00
  serial: BLES-01004
  firmware version: 3.42

*** END (time check: 0s)
