
GetKey r2
Load keys
Test unit ready: return value of ioctl indicates success
Read pic: return value of ioctl indicates success
get dec key
  establish session keys:
    do send key: return value of ioctl indicates success
    do report key: return value of ioctl indicates success
    calculate session keys
    do send key: return value of ioctl indicates success
  get data
    do unknown e1:
    unknown e1 cdb: e10054004464eaeca203e37e
    return value of ioctl indicates success
    do unknown e0:
    unknown e0 cdb: e0003400ca39f65197b412b0
    return value of ioctl indicates success
get_dec_key succeeded!


disc_key = 1e833c5307c701328a38835d858ee069

disc_id = 00000000000000ff00020003XXXXXXXX
PIC:
10020000444901080000200042444f01
110101000000000000bd1dff00100000
00bd1dfe000000000000000000000000
00000000000000000000000000000000
00000000000000000000000000000000
00000000000000000000000000000000
00000000000000000000000000000000
00000000000000000000000000000000
00000000

SUCCESS: Everything was correctly dumped.
