=== 2026-08-15 16:21:41 ========================================================
redumper (build: b737)

arguments: disc --drive=D:\ --retries=20 --image-path=ISO\PS3\BLUS-30002 --image-name=BLUS-30002
warning: drive not found in the database

drive information
  path: D:\
  inquiry: HL-DT-ST - BD-RE BP60NB10 (revision level: 1.02, vendor specific: NM00800SIK01K3NB555)
  configuration: GENERIC (read offset: +6, C2 shift: 0, pre-gap start: +0, read method: BE, sector order: DATA_C2_SUB)
  profile: BD-ROM
  read speed: <optimal>

image path: ISO\PS3\BLUS-30002
image name: BLUS-30002

*** DUMP (time check: 0s)

disc structure:
  DI { format: 1, layer: 0, sequence number: 0, unit size: 32, continuation: 0 }
    disc type: BDO
    disc size: 120mm
    disc class: 0
    disc version: 1
    layers count: 1
    channel length: 74.5nm
    polarity: 1
    BCA: no
    PSN last { PSN: 5384831, hPSN: 0x522A7F }
    AUN { PSN: [1048576 .. 5384830], length: 4336256, hPSN: [0x100000 .. 0x522A7E] }


sectors count (READ_CAPACITY): 4336256
sectors count (PHYSICAL): 4336256
sectors count (ISO9660): 4336256                          
sectors count (UDF): 4336256                              

media errors: 
  SCSI: 0
  EDC: 0

*** DUMP::EXTRA (time check: 858s)


*** PROTECTION (time check: 0s)


*** REFINE (time check: 0s)


*** DVDKEY (time check: 0s)


*** SPLIT (time check: 0s)


*** HASH (time check: 0s)

dat:
<rom name="BLUS-30002.iso" size="8880652288" crc="82c52fbd" md5="fdf7df903b52a7cf724365de9f7f35ea" sha1="4fb466141dad65fd643d83eaa87dd4f67eea1736" />

*** INFO (time check: 0s)

ISO9660 [BLUS-30002.iso]:
  volume identifier: PS3VOLUME
  PVD:
0320 : 20 20 20 20 20 20 20 20  20 20 20 20 20 32 30 30                200
0330 : 36 31 30 32 32 30 31 34  36 34 38 30 30 00 30 30   6102201464800.00
0340 : 30 30 30 30 30 30 30 30  30 30 30 30 30 30 00 30   00000000000000.0
0350 : 30 30 30 30 30 30 30 30  30 30 30 30 30 30 30 00   000000000000000.
0360 : 30 30 30 30 30 30 30 30  30 30 30 30 30 30 30 30   0000000000000000
0370 : 00 01 00 00 00 00 00 00  00 00 00 00 00 00 00 00   ................
  joliet volume identifier: PS3VOLUME

PS3 [BLUS-30002.iso]:
  version: 01.01
  serial: BLUS-30002
  firmware version: 1.02

*** END (time check: 0s)
