=== 2026-10-05 06:57:30 ========================================================
redumper (build: b749)

arguments: disc --drive=D:\ --retries=20 "--image-path=ISO\PS3\DUNGEON SIEGE III" "--image-name=DUNGEON SIEGE III"
warning: drive not found in the database

drive information
  path: D:\
  inquiry: HL-DT-ST - BD-RE BP60NB10 (revision level: 1.02, vendor specific: NM00800SIK01K3NB555)
  configuration: GENERIC (read offset: +6, C2 shift: 0, pre-gap start: +0, read method: BE, sector order: DATA_C2_SUB)
  profile: BD-ROM
  read speed: <optimal>

image path: "ISO\PS3\DUNGEON SIEGE III"
image name: "DUNGEON SIEGE III"

*** DUMP (time check: 0s)

disc structure:
  DI { format: 1, layer: 0, sequence number: 0, unit size: 32, continuation: 0 }
    disc type: BDO
    disc size: 120mm
    disc class: 0
    disc version: 1
    layers count: 1
    channel length: 74.5nm
    polarity: 1
    BCA: no
    PSN last { PSN: 3543455, hPSN: 0x36119F }
    AUN { PSN: [1048576 .. 3543454], length: 2494880, hPSN: [0x100000 .. 0x36119E] }


sectors count (READ_CAPACITY): 2494880
sectors count (PHYSICAL): 2494880
sectors count (ISO9660): 2494880                          
sectors count (UDF): 2494880                              

media errors: 
  SCSI: 0
  EDC: 0

*** DUMP::EXTRA (time check: 548s)


*** PROTECTION (time check: 0s)


*** REFINE (time check: 0s)


*** DVDKEY (time check: 0s)


*** SPLIT (time check: 0s)


*** HASH (time check: 0s)

dat:
<rom name="DUNGEON SIEGE III.iso" size="5109514240" crc="84b15784" md5="7cb291b359a9109ac72b62134ffe4dda" sha1="77407bc5b2698a8e846fc1bbaf0dab4a45443965" />

*** INFO (time check: 0s)

ISO9660 [DUNGEON SIEGE III.iso]:
  volume identifier: DUNGEON_SIEGE_III
  PVD:
0320 : 20 20 20 20 20 20 20 20  20 20 20 20 20 32 30 31                201
0330 : 31 30 35 30 33 31 37 31  35 34 34 30 30 00 30 30   1050317154400.00
0340 : 30 30 30 30 30 30 30 30  30 30 30 30 30 30 00 30   00000000000000.0
0350 : 30 30 30 30 30 30 30 30  30 30 30 30 30 30 30 00   000000000000000.
0360 : 30 30 30 30 30 30 30 30  30 30 30 30 30 30 30 30   0000000000000000
0370 : 00 01 00 00 00 00 00 00  00 00 00 00 00 00 00 00   ................
  joliet volume identifier: DUNGEON SIEGE II

PS3 [DUNGEON SIEGE III.iso]:
  version: 01.01
  serial: BLES-01161
  firmware version: 3.60

*** END (time check: 0s)
