=== 2026-08-30 10:41:02 ========================================================
redumper (build: b737)

arguments: disc --drive=D:\ --retries=20 "--image-path=ISO\PS3\GRAND THEFT AUTO IV" "--image-name=GRAND THEFT AUTO IV"
warning: drive not found in the database

drive information
  path: D:\
  inquiry: HL-DT-ST - BD-RE BP60NB10 (revision level: 1.02, vendor specific: NM00800SIK01K3NB555)
  configuration: GENERIC (read offset: +6, C2 shift: 0, pre-gap start: +0, read method: BE, sector order: DATA_C2_SUB)
  profile: BD-ROM
  read speed: <optimal>

image path: "ISO\PS3\GRAND THEFT AUTO IV"
image name: "GRAND THEFT AUTO IV"

*** DUMP (time check: 0s)

disc structure:
  DI { format: 1, layer: 0, sequence number: 0, unit size: 32, continuation: 0 }
    disc type: BDO
    disc size: 120mm
    disc class: 0
    disc version: 1
    layers count: 1
    channel length: 74.5nm
    polarity: 1
    BCA: no
    PSN last { PSN: 6559839, hPSN: 0x64185F }
    AUN { PSN: [1048576 .. 6559838], length: 5511264, hPSN: [0x100000 .. 0x64185E] }


sectors count (READ_CAPACITY): 5511264
sectors count (PHYSICAL): 5511264
sectors count (ISO9660): 5511264                          
sectors count (UDF): 5511264                              

media errors: 
  SCSI: 0
  EDC: 0

*** DUMP::EXTRA (time check: 1035s)


*** PROTECTION (time check: 0s)


*** REFINE (time check: 0s)


*** DVDKEY (time check: 0s)


*** SPLIT (time check: 0s)


*** HASH (time check: 0s)

dat:
<rom name="GRAND THEFT AUTO IV.iso" size="11287068672" crc="016113c2" md5="1c602c74887b98cfd9fb0ed99c6eac2e" sha1="fe054205f7845693906874934edd288eaeafb3f9" />

*** INFO (time check: 0s)

ISO9660 [GRAND THEFT AUTO IV.iso]:
  volume identifier: GRAND_THEFT_AUTO_IV
  PVD:
0320 : 20 20 20 20 20 20 20 20  20 20 20 20 20 32 30 30                200
0330 : 38 30 33 33 31 31 31 30  30 30 30 30 30 00 30 30   8033111000000.00
0340 : 30 30 30 30 30 30 30 30  30 30 30 30 30 30 00 30   00000000000000.0
0350 : 30 30 30 30 30 30 30 30  30 30 30 30 30 30 30 00   000000000000000.
0360 : 30 30 30 30 30 30 30 30  30 30 30 30 30 30 30 30   0000000000000000
0370 : 00 01 00 00 00 00 00 00  00 00 00 00 00 00 00 00   ................
  joliet volume identifier: GRAND THEFT AUTO

PS3 [GRAND THEFT AUTO IV.iso]:
  version: 01.05
  serial: BLES-00229
  firmware version: 2.17

*** END (time check: 0s)
