=== 2026-09-14 08:41:53 ========================================================
redumper (build: b749)

arguments: disc --drive=D:\ --retries=20 --image-path=ISO\PS3\DJHERO2 --image-name=DJHERO2
warning: drive not found in the database

drive information
  path: D:\
  inquiry: HL-DT-ST - BD-RE BP60NB10 (revision level: 1.02, vendor specific: NM00800SIK01K3NB555)
  configuration: GENERIC (read offset: +6, C2 shift: 0, pre-gap start: +0, read method: BE, sector order: DATA_C2_SUB)
  profile: BD-ROM
  read speed: <optimal>

image path: ISO\PS3\DJHERO2
image name: DJHERO2

*** DUMP (time check: 0s)

disc structure:
  DI { format: 1, layer: 0, sequence number: 0, unit size: 32, continuation: 0 }
    disc type: BDO
    disc size: 120mm
    disc class: 0
    disc version: 1
    layers count: 1
    channel length: 74.5nm
    polarity: 1
    BCA: no
    PSN last { PSN: 3069727, hPSN: 0x2ED71F }
    AUN { PSN: [1048576 .. 3069726], length: 2021152, hPSN: [0x100000 .. 0x2ED71E] }


sectors count (READ_CAPACITY): 2021152
sectors count (PHYSICAL): 2021152
sectors count (ISO9660): 2021152                          
sectors count (UDF): 2021152                              

media errors: 
  SCSI: 0
  EDC: 0

*** DUMP::EXTRA (time check: 454s)


*** PROTECTION (time check: 0s)


*** REFINE (time check: 0s)


*** DVDKEY (time check: 0s)


*** SPLIT (time check: 0s)


*** HASH (time check: 0s)

dat:
<rom name="DJHERO2.iso" size="4139319296" crc="d6d386c0" md5="fdb79f78caa811f80aac2e1a1aec48b5" sha1="59e2ac0f681a4fbef7a028c28b0f46f2d844982c" />

*** INFO (time check: 0s)

ISO9660 [DJHERO2.iso]:
  volume identifier: DJHERO2
  PVD:
0320 : 20 20 20 20 20 20 20 20  20 20 20 20 20 32 30 31                201
0330 : 30 30 38 31 36 31 32 32  34 35 32 30 30 00 30 30   0081612245200.00
0340 : 30 30 30 30 30 30 30 30  30 30 30 30 30 30 00 30   00000000000000.0
0350 : 30 30 30 30 30 30 30 30  30 30 30 30 30 30 30 00   000000000000000.
0360 : 30 30 30 30 30 30 30 30  30 30 30 30 30 30 30 30   0000000000000000
0370 : 00 01 00 00 00 00 00 00  00 00 00 00 00 00 00 00   ................
  joliet volume identifier: DJHERO2

PS3 [DJHERO2.iso]:
  version: 01.00
  serial: BLES-00896
  firmware version: 3.41

*** END (time check: 0s)
