=== 2026-09-03 08:22:38 ========================================================
redumper (build: b737)

arguments: disc --drive=D:\ --retries=20 --image-path=ISO\PS3\PS3VOLUMNE --image-name=PS3VOLUMNE
warning: drive not found in the database

drive information
  path: D:\
  inquiry: HL-DT-ST - BD-RE BP60NB10 (revision level: 1.02, vendor specific: NM00800SIK01K3NB555)
  configuration: GENERIC (read offset: +6, C2 shift: 0, pre-gap start: +0, read method: BE, sector order: DATA_C2_SUB)
  profile: BD-ROM
  read speed: <optimal>

image path: ISO\PS3\PS3VOLUMNE
image name: PS3VOLUMNE

*** DUMP (time check: 0s)

disc structure:
  DI { format: 1, layer: 0, sequence number: 0, unit size: 32, continuation: 0 }
    disc type: BDO
    disc size: 120mm
    disc class: 0
    disc version: 1
    layers count: 1
    channel length: 74.5nm
    polarity: 1
    BCA: no
    PSN last { PSN: 4153919, hPSN: 0x3F623F }
    AUN { PSN: [1048576 .. 4153918], length: 3105344, hPSN: [0x100000 .. 0x3F623E] }


sectors count (READ_CAPACITY): 3105344
sectors count (PHYSICAL): 3105344
sectors count (ISO9660): 3105344                          
sectors count (UDF): 3105344                              

media errors: 
  SCSI: 0
  EDC: 0

*** DUMP::EXTRA (time check: 653s)


*** PROTECTION (time check: 0s)


*** REFINE (time check: 0s)


*** DVDKEY (time check: 0s)


*** SPLIT (time check: 0s)


*** HASH (time check: 0s)

dat:
<rom name="PS3VOLUMNE.iso" size="6359744512" crc="b5ca63c4" md5="dd9a0b0774832c9459b49cfc1376ab2f" sha1="da72a0cc437209b524fdd8215af340d766d03388" />

*** INFO (time check: 0s)

ISO9660 [PS3VOLUMNE.iso]:
  volume identifier: PS3VOLUMNE
  PVD:
0320 : 20 20 20 20 20 20 20 20  20 20 20 20 20 32 30 30                200
0330 : 39 30 35 30 35 31 37 33  34 30 39 30 30 00 30 30   9050517340900.00
0340 : 30 30 30 30 30 30 30 30  30 30 30 30 30 30 00 30   00000000000000.0
0350 : 30 30 30 30 30 30 30 30  30 30 30 30 30 30 30 00   000000000000000.
0360 : 30 30 30 30 30 30 30 30  30 30 30 30 30 30 30 30   0000000000000000
0370 : 00 01 00 00 00 00 00 00  00 00 00 00 00 00 00 00   ................
  joliet volume identifier: PS3VOLUMNE

PS3 [PS3VOLUMNE.iso]:
  version: 01.00
  serial: BLES-00578
  firmware version: 2.60

*** END (time check: 0s)
