=== 2026-10-09 09:34:46 ========================================================
redumper (build: b749)

arguments: disc --drive=D:\ --retries=20 --image-path=ISO\PS3\BLES-00166 --image-name=BLES-00166
warning: drive not found in the database

drive information
  path: D:\
  inquiry: HL-DT-ST - BD-RE BP60NB10 (revision level: 1.02, vendor specific: NM00800SIK01K3NB555)
  configuration: GENERIC (read offset: +6, C2 shift: 0, pre-gap start: +0, read method: BE, sector order: DATA_C2_SUB)
  profile: BD-ROM
  read speed: <optimal>

image path: ISO\PS3\BLES-00166
image name: BLES-00166

*** DUMP (time check: 0s)

disc structure:
  DI { format: 1, layer: 0, sequence number: 0, unit size: 32, continuation: 0 }
    disc type: BDO
    disc size: 120mm
    disc class: 0
    disc version: 1
    layers count: 1
    channel length: 74.5nm
    polarity: 1
    BCA: no
    PSN last { PSN: 1947999, hPSN: 0x1DB95F }
    AUN { PSN: [1048576 .. 1947998], length: 899424, hPSN: [0x100000 .. 0x1DB95E] }


sectors count (READ_CAPACITY): 899424
sectors count (PHYSICAL): 899424
sectors count (ISO9660): 899424                          
sectors count (UDF): 899424                              

media errors: 
  SCSI: 0
  EDC: 0

*** DUMP::EXTRA (time check: 224s)


*** PROTECTION (time check: 0s)


*** REFINE (time check: 0s)


*** DVDKEY (time check: 0s)


*** SPLIT (time check: 0s)


*** HASH (time check: 0s)

dat:
<rom name="BLES-00166.iso" size="1842020352" crc="621d0a26" md5="66db7dff9c9bd3a4d16be629100f2fb8" sha1="0e7330602ff246183123f0cf4b53f8e44ec7d82f" />

*** INFO (time check: 0s)

ISO9660 [BLES-00166.iso]:
  volume identifier: PS3VOLUME
  PVD:
0320 : 20 20 20 20 20 20 20 20  20 20 20 20 20 32 30 30                200
0330 : 38 30 35 32 31 31 35 30  35 32 35 30 30 00 30 30   8052115052500.00
0340 : 30 30 30 30 30 30 30 30  30 30 30 30 30 30 00 30   00000000000000.0
0350 : 30 30 30 30 30 30 30 30  30 30 30 30 30 30 30 00   000000000000000.
0360 : 30 30 30 30 30 30 30 30  30 30 30 30 30 30 30 30   0000000000000000
0370 : 00 01 00 00 00 00 00 00  00 00 00 00 00 00 00 00   ................
  joliet volume identifier: PS3VOLUME

PS3 [BLES-00166.iso]:
  version: 01.03
  serial: BLES-00166
  firmware version: 2.30

*** END (time check: 0s)
