=== 2026-10-03 09:57:46 ========================================================
redumper (build: b749)

arguments: disc --drive=D:\ --retries=20 --image-path=ISO\PS3\BLES-00891 --image-name=BLES-00891
warning: drive not found in the database

drive information
  path: D:\
  inquiry: HL-DT-ST - BD-RE BP60NB10 (revision level: 1.02, vendor specific: NM00800SIK01K3NB555)
  configuration: GENERIC (read offset: +6, C2 shift: 0, pre-gap start: +0, read method: BE, sector order: DATA_C2_SUB)
  profile: BD-ROM
  read speed: <optimal>

image path: ISO\PS3\BLES-00891
image name: BLES-00891

*** DUMP (time check: 0s)

disc structure:
  DI { format: 1, layer: 0, sequence number: 0, unit size: 32, continuation: 0 }
    disc type: BDO
    disc size: 120mm
    disc class: 0
    disc version: 1
    layers count: 1
    channel length: 74.5nm
    polarity: 1
    BCA: no
    PSN last { PSN: 5798559, hPSN: 0x587A9F }
    AUN { PSN: [1048576 .. 5798558], length: 4749984, hPSN: [0x100000 .. 0x587A9E] }


sectors count (READ_CAPACITY): 4749984
sectors count (PHYSICAL): 4749984
sectors count (ISO9660): 4749984                          
sectors count (UDF): 4749984                              

media errors: 
  SCSI: 0
  EDC: 0

*** DUMP::EXTRA (time check: 920s)


*** PROTECTION (time check: 0s)


*** REFINE (time check: 0s)


*** DVDKEY (time check: 0s)


*** SPLIT (time check: 0s)


*** HASH (time check: 0s)

dat:
<rom name="BLES-00891.iso" size="9727967232" crc="7e5e6fe5" md5="0f2f96227ed858897b1117d410a750f6" sha1="3aa7f4f6dadac22cbb053d9fce80ae9ecc3da938" />

*** INFO (time check: 0s)

ISO9660 [BLES-00891.iso]:
  volume identifier: PS3VOLUME
  PVD:
0320 : 20 20 20 20 20 20 20 20  20 20 20 20 20 32 30 31                201
0330 : 31 30 35 31 38 31 33 31  33 35 35 30 30 00 30 30   1051813135500.00
0340 : 30 30 30 30 30 30 30 30  30 30 30 30 30 30 00 30   00000000000000.0
0350 : 30 30 30 30 30 30 30 30  30 30 30 30 30 30 30 00   000000000000000.
0360 : 30 30 30 30 30 30 30 30  30 30 30 30 30 30 30 30   0000000000000000
0370 : 00 01 00 00 00 00 00 00  00 00 00 00 00 00 00 00   ................
  joliet volume identifier: PS3VOLUME

PS3 [BLES-00891.iso]:
  version: 01.01
  serial: BLES-00891
  firmware version: 3.66

*** END (time check: 0s)
