=== 2026-10-10 11:21:34 ========================================================
redumper (build: b749)

arguments: disc --drive=D:\ --retries=20 --image-path=ISO\PS3\BCES-00005 --image-name=BCES-00005
warning: drive not found in the database

drive information
  path: D:\
  inquiry: HL-DT-ST - BD-RE BP60NB10 (revision level: 1.02, vendor specific: NM00800SIK01K3NB555)
  configuration: GENERIC (read offset: +6, C2 shift: 0, pre-gap start: +0, read method: BE, sector order: DATA_C2_SUB)
  profile: BD-ROM
  read speed: <optimal>

image path: ISO\PS3\BCES-00005
image name: BCES-00005

*** DUMP (time check: 0s)

disc structure:
  DI { format: 1, layer: 0, sequence number: 0, unit size: 32, continuation: 0 }
    disc type: BDO
    disc size: 120mm
    disc class: 0
    disc version: 1
    layers count: 1
    channel length: 74.5nm
    polarity: 1
    BCA: no
    PSN last { PSN: 7116511, hPSN: 0x6C96DF }
    AUN { PSN: [1048576 .. 7116510], length: 6067936, hPSN: [0x100000 .. 0x6C96DE] }


sectors count (READ_CAPACITY): 6067936
sectors count (PHYSICAL): 6067936
sectors count (ISO9660): 6067936                          
sectors count (UDF): 6067936                              

media errors: 
  SCSI: 0
  EDC: 0

*** DUMP::EXTRA (time check: 1115s)


*** PROTECTION (time check: 0s)


*** REFINE (time check: 0s)


*** DVDKEY (time check: 0s)


*** SPLIT (time check: 0s)


*** HASH (time check: 0s)

dat:
<rom name="BCES-00005.iso" size="12427132928" crc="c2af562a" md5="0e0a7f02dd0a3fbd1a7ff361f083c669" sha1="25a1277bd8d03982ee0a5e9fef11d1011915dc2f" />

*** INFO (time check: 0s)

ISO9660 [BCES-00005.iso]:
  volume identifier: PS3VOLUME
  PVD:
0320 : 20 20 20 20 20 20 20 20  20 20 20 20 20 32 30 30                200
0330 : 37 30 31 31 32 31 35 34  37 30 30 30 30 00 30 30   7011215470000.00
0340 : 30 30 30 30 30 30 30 30  30 30 30 30 30 30 00 30   00000000000000.0
0350 : 30 30 30 30 30 30 30 30  30 30 30 30 30 30 30 00   000000000000000.
0360 : 30 30 30 30 30 30 30 30  30 30 30 30 30 30 30 30   0000000000000000
0370 : 00 01 00 00 00 00 00 00  00 00 00 00 00 00 00 00   ................
  joliet volume identifier: PS3VOLUME

PS3 [BCES-00005.iso]:
  version: 01.00
  serial: BCES-00005

*** END (time check: 0s)
