=== 2026-07-18 12:49:05 ========================================================
redumper (build: b726)

arguments: disc --drive=D:\ --retries=20 --image-path=ISO\PS3\SKATE --image-name=SKATE
warning: drive not found in the database

drive information
  path: D:\
  inquiry: HL-DT-ST - BD-RE BP60NB10 (revision level: 1.02, vendor specific: NM00800SIK01K3NB555)
  configuration: GENERIC (read offset: +6, C2 shift: 0, pre-gap start: +0, read method: BE, sector order: DATA_C2_SUB)
  profile: BD-ROM
  read speed: <optimal>

image path: ISO\PS3\SKATE
image name: SKATE

*** DUMP (time check: 0s)

disc structure:
  DI { format: 1, layer: 0, sequence number: 0, unit size: 32, continuation: 0 }
    disc type: BDO
    disc size: 120mm
    disc class: 0
    disc version: 1
    layers count: 1
    channel length: 74.5nm
    polarity: 1
    BCA: no
    PSN last { PSN: 3742975, hPSN: 0x391CFF }
    AUN { PSN: [1048576 .. 3742974], length: 2694400, hPSN: [0x100000 .. 0x391CFE] }


sectors count (READ_CAPACITY): 2694400
sectors count (PHYSICAL): 2694400
sectors count (ISO9660): 2694400                          
sectors count (UDF): 2694400                              

media errors: 
  SCSI: 0
  EDC: 0

*** DUMP::EXTRA (time check: 584s)


*** PROTECTION (time check: 0s)


*** REFINE (time check: 0s)


*** DVDKEY (time check: 0s)


*** SPLIT (time check: 0s)


*** HASH (time check: 0s)

dat:
<rom name="ISO\PS3\SKATE\SKATE.iso" size="5518131200" crc="cb86b75a" md5="6a9214ac2c10f42782064a31d6daf113" sha1="1201d576ff55551a3eacfdb76fcae3bd3846920e" />

*** INFO (time check: 0s)

ISO9660 [SKATE.iso]:
  volume identifier: SKATE
  PVD:
0320 : 20 20 20 20 20 20 20 20  20 20 20 20 20 32 30 30                200
0330 : 37 30 38 32 34 31 34 30  33 32 36 30 30 00 30 30   7082414032600.00
0340 : 30 30 30 30 30 30 30 30  30 30 30 30 30 30 00 30   00000000000000.0
0350 : 30 30 30 30 30 30 30 30  30 30 30 30 30 30 30 00   000000000000000.
0360 : 30 30 30 30 30 30 30 30  30 30 30 30 30 30 30 30   0000000000000000
0370 : 00 01 00 00 00 00 00 00  00 00 00 00 00 00 00 00   ................
  joliet volume identifier: SKATE

PS3 [SKATE.iso]:
  version: 01.00
  serial: BLES-00124
  firmware version: 1.90

*** END (time check: 0s)
