
GetKey r2
Load keys
Test unit ready: return value of ioctl indicates success
Read pic: return value of ioctl indicates success
get dec key
  establish session keys:
    do send key: return value of ioctl indicates success
    do report key: return value of ioctl indicates success
    calculate session keys
    do send key: return value of ioctl indicates success
  get data
    do unknown e1:
    unknown e1 cdb: e1005400b560b5dd4721ae65
    return value of ioctl indicates success
    do unknown e0:
    unknown e0 cdb: e00034004cd6eff941b9e580
    return value of ioctl indicates success
get_dec_key succeeded!


disc_key = 79c1f36d2e68fbe8f1f3c31be96d50f3

disc_id = 00000000000000ff00020004XXXXXXXX
PIC:
10020000444901080000200042444f01
1101010000000000002ddd3f00100000
002ddd3e000000000000000000000000
00000000000000000000000000000000
00000000000000000000000000000000
00000000000000000000000000000000
00000000000000000000000000000000
00000000000000000000000000000000
00000000

SUCCESS: Everything was correctly dumped.
