=== 2026-09-11 09:32:54 ========================================================
redumper (build: b749)

arguments: disc --drive=D:\ --retries=20 --image-path=ISO\PS3\BLES-00582 --image-name=BLES-00582
warning: drive not found in the database

drive information
  path: D:\
  inquiry: HL-DT-ST - BD-RE BP60NB10 (revision level: 1.02, vendor specific: NM00800SIK01K3NB555)
  configuration: GENERIC (read offset: +6, C2 shift: 0, pre-gap start: +0, read method: BE, sector order: DATA_C2_SUB)
  profile: BD-ROM
  read speed: <optimal>

image path: ISO\PS3\BLES-00582
image name: BLES-00582

*** DUMP (time check: 0s)

disc structure:
  DI { format: 1, layer: 0, sequence number: 0, unit size: 32, continuation: 0 }
    disc type: BDO
    disc size: 120mm
    disc class: 0
    disc version: 1
    layers count: 1
    channel length: 74.5nm
    polarity: 1
    BCA: no
    PSN last { PSN: 3005759, hPSN: 0x2DDD3F }
    AUN { PSN: [1048576 .. 3005758], length: 1957184, hPSN: [0x100000 .. 0x2DDD3E] }


sectors count (READ_CAPACITY): 1957184
sectors count (PHYSICAL): 1957184
sectors count (ISO9660): 1957184                          
sectors count (UDF): 1957184                              

media errors: 
  SCSI: 0
  EDC: 0

*** DUMP::EXTRA (time check: 442s)


*** PROTECTION (time check: 0s)


*** REFINE (time check: 0s)


*** DVDKEY (time check: 0s)


*** SPLIT (time check: 0s)


*** HASH (time check: 0s)

dat:
<rom name="BLES-00582.iso" size="4008312832" crc="69317c7f" md5="db8cc7ebc1c05427abda09e0586f2a35" sha1="7f98b509b3af904e8810cf1a3689f75ff3bbf4e4" />

*** INFO (time check: 0s)

ISO9660 [BLES-00582.iso]:
  volume identifier: PS3VOLUME
  PVD:
0320 : 20 20 20 20 20 20 20 20  20 20 20 20 20 32 30 30                200
0330 : 39 30 39 30 39 30 30 35  34 35 34 30 30 00 30 30   9090900545400.00
0340 : 30 30 30 30 30 30 30 30  30 30 30 30 30 30 00 30   00000000000000.0
0350 : 30 30 30 30 30 30 30 30  30 30 30 30 30 30 30 00   000000000000000.
0360 : 30 30 30 30 30 30 30 30  30 30 30 30 30 30 30 30   0000000000000000
0370 : 00 01 00 00 00 00 00 00  00 00 00 00 00 00 00 00   ................
  joliet volume identifier: PS3VOLUME

PS3 [BLES-00582.iso]:
  version: 01.00
  serial: BLES-00582
  firmware version: 2.80

*** END (time check: 0s)
