=== 2026-08-05 21:47:49 ========================================================
redumper (build: b737)

arguments: disc --drive=E:\ --retries=20 --image-path=ISO\PC\Riven3 --image-name=Riven3

drive information
  path: E:\
  inquiry: PLEXTOR - DVDR PX-712A (revision level: 1.09, vendor specific: 03/31/06 10:00)
  configuration: PLEXTOR (read offset: +30, C2 shift: 295, pre-gap start: -75, read method: D8, sector order: DATA_C2_SUB)
  profile: CD-ROM
  read speed: <optimal>

image path: ISO\PC\Riven3
image name: Riven3

*** DUMP (time check: 0s)

disc TOC:
  track 1 {  data }
    index 01 { LBA:      0, MSF: 00:02:00 }
  track A { audio }
    index 01 { LBA: 325650, MSF: 72:24:00 }

media errors: 
  SCSI: 0 samples
  C2: 0 samples
  Q: 53

*** DUMP::EXTRA (time check: 434s)

PLEXTOR: reading lead-in (retry: 1)
PLEXTOR: lead-in found (LBA: [-150 .. 15], sectors: 1571)
PLEXTOR: reading lead-in (retry: 2)
PLEXTOR: lead-in found (LBA: [-150 .. 15], sectors: 2681)
PLEXTOR: storing lead-in (LBA: [-150 .. 15], verified: yes)

*** PROTECTION (time check: 16s)

protection: none

*** REFINE (time check: 0s)


*** DVDKEY (time check: 0s)


*** SPLIT (time check: 0s)


correcting P... done
correcting Q... done

final TOC:
  track 1 {  data }
    index 00 { LBA: [  -150 ..     -1], length:    150, MSF: 00:00:00-00:01:74 }
    index 01 { LBA: [     0 .. 325649], length: 325650, MSF: 00:02:00-72:23:74 }
  track A { audio }
    index 01 { LBA: [325650 .. 325747], length:     98, MSF: 72:24:00-72:25:22 }

analyzing... done (time: 25s)

data disc detected, offset configuration: 
  LBA:   -150 ->   -150, MSF: 00:00:00, count: 325800, offset: -22

non-zero  TOC sample range: [   -88200 .. +191482200]
non-zero data sample range: [      -22 .. +191316950]
Universal Hash (SHA-1): 4ec1f35b6fd868001ca39601806726731349b801

disc write offset: -22

checking tracks
done

writing tracks
done

CUE [Riven3.cue]:
FILE "Riven3.bin" BINARY
  TRACK 01 MODE1/2352
    INDEX 01 00:00:00


*** HASH (time check: 41s)

dat:
<rom name="Riven3.bin" size="765928800" crc="6c826493" md5="427ca81308ea6092b9ff79d1ca725ff7" sha1="00e1cdf5145d9af593ac80d3d8e53077218d4d28" />

*** INFO (time check: 0s)

CD-ROM [Riven3.bin]:
  sectors count: 325650
  mode1 sectors: 325650

  REDUMP.INFO errors: 0

ISO9660 [Riven3.bin]:
  volume identifier: RIVEN3
  PVD:
0320 : 20 20 20 20 20 20 20 20  20 20 20 20 20 31 39 39                199
0330 : 37 30 39 31 35 32 31 31  31 30 32 30 30 00 31 39   7091521110200.19
0340 : 39 37 30 39 31 35 32 31  31 31 33 35 30 30 00 00   97091521113500..
0350 : 00 00 00 00 00 00 00 00  00 00 00 00 00 00 00 00   ................
0360 : 00 00 00 00 00 00 00 00  00 00 00 00 00 00 00 00   ................
0370 : 00 01 00 00 00 00 00 00  00 00 00 00 00 00 00 00   ................
  joliet volume identifier: Riven3

HFS [Riven3.bin]:
  volume identifier: Riven3

*** END (time check: 3s)
