=== 2026-09-02 07:05:15 ========================================================
redumper (build: b737)

arguments: disc --drive=D:\ --retries=20 --image-path=ISO\PS3\BLES-00576 --image-name=BLES-00576
warning: drive not found in the database

drive information
  path: D:\
  inquiry: HL-DT-ST - BD-RE BP60NB10 (revision level: 1.02, vendor specific: NM00800SIK01K3NB555)
  configuration: GENERIC (read offset: +6, C2 shift: 0, pre-gap start: +0, read method: BE, sector order: DATA_C2_SUB)
  profile: BD-ROM
  read speed: <optimal>

image path: ISO\PS3\BLES-00576
image name: BLES-00576

*** DUMP (time check: 0s)

disc structure:
  DI { format: 1, layer: 0, sequence number: 0, unit size: 32, continuation: 0 }
    disc type: BDO
    disc size: 120mm
    disc class: 0
    disc version: 1
    layers count: 1
    channel length: 74.5nm
    polarity: 1
    BCA: no
    PSN last { PSN: 4642623, hPSN: 0x46D73F }
    AUN { PSN: [1048576 .. 4642622], length: 3594048, hPSN: [0x100000 .. 0x46D73E] }


sectors count (READ_CAPACITY): 3594048
sectors count (PHYSICAL): 3594048
sectors count (ISO9660): 3594048                          
sectors count (UDF): 3594048                              

media errors: 
  SCSI: 0
  EDC: 0

*** DUMP::EXTRA (time check: 737s)


*** PROTECTION (time check: 0s)


*** REFINE (time check: 0s)


*** DVDKEY (time check: 0s)


*** SPLIT (time check: 0s)


*** HASH (time check: 0s)

dat:
<rom name="BLES-00576.iso" size="7360610304" crc="b0f1e089" md5="0830f2acba7239d96cc47c9b0363db7f" sha1="1e10f0bad1be73e18321b8281e9e80f1dcdca94e" />

*** INFO (time check: 0s)

ISO9660 [BLES-00576.iso]:
  volume identifier: PS3VOLUME
  PVD:
0320 : 20 20 20 20 20 20 20 20  20 20 20 20 20 32 30 30                200
0330 : 39 30 36 32 39 30 39 32  34 33 30 30 30 00 30 30   9062909243000.00
0340 : 30 30 30 30 30 30 30 30  30 30 30 30 30 30 00 30   00000000000000.0
0350 : 30 30 30 30 30 30 30 30  30 30 30 30 30 30 30 00   000000000000000.
0360 : 30 30 30 30 30 30 30 30  30 30 30 30 30 30 30 30   0000000000000000
0370 : 00 01 00 00 00 00 00 00  00 00 00 00 00 00 00 00   ................
  joliet volume identifier: PS3VOLUME

PS3 [BLES-00576.iso]:
  version: 01.00
  serial: BLES-00576
  firmware version: 2.76

*** END (time check: 0s)
